// Jest Snapshot v1, https://goo.gl/fbAQLP

exports[`renders correctly 1`] = `
<div
  className="MuiPaper-root MuiCard-root brew-Card MuiPaper-elevation1 MuiPaper-rounded"
>
  <div
    className="brew-Card__content"
  >
    Default
  </div>
</div>
`;
