// Jest Snapshot v1, https://goo.gl/fbAQLP

exports[`renders correctly 1`] = `
<span
  className="wrapper variant--inherit color--initial align--inherit display--initial"
>
  Foo
</span>
`;
