// Jest Snapshot v1, https://goo.gl/fbAQLP

exports[`Status Card Renders correctly 1`] = `
<div
  className="brew-StatusCard brew-StatusCard--standard brew-StatusCard--color-success"
>
  <section
    className="icon"
  >
    <span
      className="wrapper color--success size--inherit"
    >
      <svg
        height="100%"
        viewBox="0 0 24 24"
        xmlns="http://www.w3.org/2000/svg"
      >
        ‚òê
      </svg>
    </span>
  </section>
  <section>
    <h1
      className="brew-Typography brew-Typography--variant-h1 brew-Typography--color-success brew-Typography--align-inherit brew-Typography--display-initial"
    >
      hi
    </h1>
    <span
      className="brew-Typography brew-Typography--variant-body1 brew-Typography--color-success brew-Typography--align-inherit brew-Typography--display-initial"
    >
      bye
    </span>
  </section>
</div>
`;
