// Jest Snapshot v1, https://goo.gl/fbAQLP

exports[`PlaceholderContent renders correctly 1`] = `
<p
  className="brew-Typography brew-Typography--display-block brew-Typography--variant-body1 brew-Placeholder__content"
>
  Foo
</p>
`;
