// Jest Snapshot v1, https://goo.gl/fbAQLP

exports[`renders correctly 1`] = `
Array [
  <div
    className="MuiPaper-root MuiExpansionPanel-root brew-ExpansionPanel Mui-disabled brew-ExpansionPanel--isDisabled MuiExpansionPanel-rounded MuiPaper-elevation1 MuiPaper-rounded"
  >
    <div
      aria-disabled={true}
      aria-expanded={false}
      className="MuiButtonBase-root MuiExpansionPanelSummary-root brew-ExpansionPanel__summary Mui-disabled Mui-disabled"
      onBlur={[Function]}
      onClick={[Function]}
      onDragLeave={[Function]}
      onFocus={[Function]}
      onKeyDown={[Function]}
      onKeyUp={[Function]}
      onMouseDown={[Function]}
      onMouseLeave={[Function]}
      onMouseUp={[Function]}
      onTouchEnd={[Function]}
      onTouchMove={[Function]}
      onTouchStart={[Function]}
      role="button"
      tabIndex={-1}
    >
      <div
        className="MuiExpansionPanelSummary-content brew-ExpansionPanel__summaryContent"
      >
        <div
          className="MuiTypography-root brew-Typography brew-Typography--display-initial brew-Typography--variant-body1 brew-Typography--align-inherit brew-Typography--color-inherit MuiTypography-body1"
        >
          foo
        </div>
      </div>
    </div>
    <div
      className="MuiCollapse-container MuiCollapse-hidden"
      style={
        Object {
          "minHeight": "0px",
        }
      }
    >
      <div
        className="MuiCollapse-wrapper"
      >
        <div
          className="MuiCollapse-wrapperInner"
        >
          <div
            role="region"
          >
            <div
              className="MuiExpansionPanelDetails-root brew-ExpansionPanel__details"
            >
              <div
                className="MuiTypography-root brew-Typography brew-Typography--display-initial brew-Typography--variant-body1 brew-Typography--align-inherit brew-Typography--color-inherit MuiTypography-body1"
              >
                bar
              </div>
            </div>
          </div>
        </div>
      </div>
    </div>
  </div>,
  <div
    className="MuiPaper-root MuiExpansionPanel-root brew-ExpansionPanel Mui-expanded brew-ExpansionPanel--isExpanded MuiExpansionPanel-rounded MuiPaper-elevation1 MuiPaper-rounded"
  >
    <div
      aria-disabled={false}
      aria-expanded={true}
      className="MuiButtonBase-root MuiExpansionPanelSummary-root brew-ExpansionPanel__summary Mui-expanded"
      onBlur={[Function]}
      onClick={[Function]}
      onDragLeave={[Function]}
      onFocus={[Function]}
      onKeyDown={[Function]}
      onKeyUp={[Function]}
      onMouseDown={[Function]}
      onMouseLeave={[Function]}
      onMouseUp={[Function]}
      onTouchEnd={[Function]}
      onTouchMove={[Function]}
      onTouchStart={[Function]}
      role="button"
      tabIndex={0}
    >
      <div
        className="MuiExpansionPanelSummary-content brew-ExpansionPanel__summaryContent Mui-expanded"
      >
        <div
          className="MuiTypography-root brew-Typography brew-Typography--display-initial brew-Typography--variant-body1 brew-Typography--align-inherit brew-Typography--color-inherit MuiTypography-body1"
        >
          hello
        </div>
      </div>
    </div>
    <div
      className="MuiCollapse-container MuiCollapse-entered"
      style={
        Object {
          "minHeight": "0px",
        }
      }
    >
      <div
        className="MuiCollapse-wrapper"
      >
        <div
          className="MuiCollapse-wrapperInner"
        >
          <div
            role="region"
          >
            <div
              className="MuiExpansionPanelDetails-root brew-ExpansionPanel__details"
            >
              <div
                className="MuiTypography-root brew-Typography brew-Typography--display-initial brew-Typography--variant-body1 brew-Typography--align-inherit brew-Typography--color-inherit MuiTypography-body1"
              >
                goodbye
              </div>
            </div>
          </div>
        </div>
      </div>
    </div>
  </div>,
]
`;
