// Jest Snapshot v1, https://goo.gl/fbAQLP

exports[`DialogFooter matches the current snapshot 1`] = `
<div
  className="brew-Dialog__footer"
/>
`;
