// Jest Snapshot v1, https://goo.gl/fbAQLP

exports[`ProgressLinear Renders correctly with defaults 1`] = `
<div
  className="MuiLinearProgress-root MuiLinearProgress-colorPrimary brew-ProgressLinear brew-ProgressLinear--variant-indeterminate brew-ProgressLinear--color-primary brew-ProgressLinear--size-inherit MuiLinearProgress-indeterminate"
  role="progressbar"
>
  <div
    className="MuiLinearProgress-bar brew-ProgressLinear__bar MuiLinearProgress-barColorPrimary MuiLinearProgress-bar1Indeterminate"
    style={Object {}}
  />
  <div
    className="MuiLinearProgress-bar brew-ProgressLinear__bar MuiLinearProgress-bar2Indeterminate MuiLinearProgress-barColorPrimary"
    style={Object {}}
  />
</div>
`;

exports[`ProgressLinear Renders correctly with property variants 1`] = `
Array [
  <div
    className="MuiLinearProgress-root MuiLinearProgress-colorPrimary brew-ProgressLinear brew-ProgressLinear--variant-indeterminate brew-ProgressLinear--color-primary brew-ProgressLinear--size-small MuiLinearProgress-indeterminate"
    role="progressbar"
  >
    <div
      className="MuiLinearProgress-bar brew-ProgressLinear__bar MuiLinearProgress-barColorPrimary MuiLinearProgress-bar1Indeterminate"
      style={Object {}}
    />
    <div
      className="MuiLinearProgress-bar brew-ProgressLinear__bar MuiLinearProgress-bar2Indeterminate MuiLinearProgress-barColorPrimary"
      style={Object {}}
    />
  </div>,
  <div
    aria-valuenow={40}
    className="MuiLinearProgress-root MuiLinearProgress-colorPrimary brew-ProgressLinear brew-ProgressLinear--variant-determinate brew-ProgressLinear--color-secondary brew-ProgressLinear--size-medium MuiLinearProgress-determinate"
    role="progressbar"
  >
    <div
      className="MuiLinearProgress-bar brew-ProgressLinear__bar MuiLinearProgress-barColorPrimary MuiLinearProgress-bar1Determinate"
      style={
        Object {
          "transform": "translateX(-60%)",
        }
      }
    />
  </div>,
  <div
    aria-valuenow={40}
    className="MuiLinearProgress-root MuiLinearProgress-colorPrimary brew-ProgressLinear brew-ProgressLinear--variant-buffer brew-ProgressLinear--color-tertiary brew-ProgressLinear--size-large MuiLinearProgress-buffer"
    role="progressbar"
  >
    <div
      className="MuiLinearProgress-dashed brew-ProgressLinear__dashedBar MuiLinearProgress-dashedColorPrimary"
    />
    <div
      className="MuiLinearProgress-bar brew-ProgressLinear__bar MuiLinearProgress-barColorPrimary MuiLinearProgress-bar1Buffer"
      style={
        Object {
          "transform": "translateX(-60%)",
        }
      }
    />
    <div
      className="MuiLinearProgress-bar brew-ProgressLinear__bar MuiLinearProgress-colorPrimary MuiLinearProgress-bar2Buffer brew-ProgressLinear__bufferBar"
      style={
        Object {
          "transform": "translateX(-40%)",
        }
      }
    />
  </div>,
  <div
    className="MuiLinearProgress-root MuiLinearProgress-colorPrimary brew-ProgressLinear brew-ProgressLinear--variant-query brew-ProgressLinear--color-success brew-ProgressLinear--size-inherit MuiLinearProgress-query"
    role="progressbar"
  >
    <div
      className="MuiLinearProgress-bar brew-ProgressLinear__bar MuiLinearProgress-barColorPrimary MuiLinearProgress-bar1Indeterminate"
      style={Object {}}
    />
    <div
      className="MuiLinearProgress-bar brew-ProgressLinear__bar MuiLinearProgress-bar2Indeterminate MuiLinearProgress-barColorPrimary"
      style={Object {}}
    />
  </div>,
  <div
    className="MuiLinearProgress-root MuiLinearProgress-colorPrimary brew-ProgressLinear brew-ProgressLinear--variant-indeterminate brew-ProgressLinear--color-error brew-ProgressLinear--size-inherit MuiLinearProgress-indeterminate"
    role="progressbar"
  >
    <div
      className="MuiLinearProgress-bar brew-ProgressLinear__bar MuiLinearProgress-barColorPrimary MuiLinearProgress-bar1Indeterminate"
      style={Object {}}
    />
    <div
      className="MuiLinearProgress-bar brew-ProgressLinear__bar MuiLinearProgress-bar2Indeterminate MuiLinearProgress-barColorPrimary"
      style={Object {}}
    />
  </div>,
  <div
    className="MuiLinearProgress-root MuiLinearProgress-colorPrimary brew-ProgressLinear brew-ProgressLinear--variant-indeterminate brew-ProgressLinear--color-warning brew-ProgressLinear--size-inherit MuiLinearProgress-indeterminate"
    role="progressbar"
  >
    <div
      className="MuiLinearProgress-bar brew-ProgressLinear__bar MuiLinearProgress-barColorPrimary MuiLinearProgress-bar1Indeterminate"
      style={Object {}}
    />
    <div
      className="MuiLinearProgress-bar brew-ProgressLinear__bar MuiLinearProgress-bar2Indeterminate MuiLinearProgress-barColorPrimary"
      style={Object {}}
    />
  </div>,
  <div
    className="MuiLinearProgress-root MuiLinearProgress-colorPrimary brew-ProgressLinear brew-ProgressLinear--variant-indeterminate brew-ProgressLinear--color-info brew-ProgressLinear--size-inherit MuiLinearProgress-indeterminate"
    role="progressbar"
  >
    <div
      className="MuiLinearProgress-bar brew-ProgressLinear__bar MuiLinearProgress-barColorPrimary MuiLinearProgress-bar1Indeterminate"
      style={Object {}}
    />
    <div
      className="MuiLinearProgress-bar brew-ProgressLinear__bar MuiLinearProgress-bar2Indeterminate MuiLinearProgress-barColorPrimary"
      style={Object {}}
    />
  </div>,
]
`;
