// Jest Snapshot v1, https://goo.gl/fbAQLP

exports[`renders correctly 1`] = `
Array [
  <span
    style={
      Object {
        "display": "none",
      }
    }
  />,
  <div>
    foo
  </div>,
]
`;
